 -----------------------------------
 Symbol                   | Location
 -------------------------+---------
 cicle_continue           |   07A
 comprove_equals_morethan |   075
 determinant              |   09B
 div                      |   025
 div_a                    |   08F
 div_b                    |   090
 div_endw_neg             |   049
 div_endw_pos             |   047
 div_q                    |   091
 div_r                    |   092
 div_w                    |   02B
 div_w_negative           |   02F
 div_w_positive           |   03B
 do_add_neg               |   034
 do_add_pos               |   040
 four                     |   09A
 input_a                  |   095
 input_b                  |   094
 input_c                  |   093
 input_times              |   096
 inv                      |   021
 inv_a                    |   08E
 minus_determinant        |   09C
 mul                      |   051
 mul_a                    |   08A
 mul_b                    |   08B
 mul_check_pos            |   059
 mul_end                  |   073
 mul_i                    |   08C
 mul_m                    |   08D
 mul_w_negative           |   05D
 mul_w_positive           |   068
 one                      |   098
 return_0                 |   081
 return_0_div             |   04E
 return_1                 |   084
 return_2                 |   087
 two                      |   099
 while_main               |   002
 zero                     |   097
