     Assembly listing for: maxmin.mas
                Assembled: Sat Mar 14 10:53:26 GMT-05:00 2026

000 5000 |                 INPUT                     
001 203F |                 STORE times               
002 9003 |                 JUMP while_main           
         |                                          
003 103F |  while_main     LOAD times                
004 8400 |                 SKIPCOND 400             / ? times == 0
005 9007 |                 JUMP continue_while      / Si no Ejecute el programa
006 903E |                 JUMP end_while_main      / Si, si termine el ciclo
         |                                          
         |                                                 
         |                                          
007 000C |  continue_while JNS read_data             
008 103F |                 LOAD times                
009 4048 |                 SUBT one                  
00A 203F |                 STORE times              / i--
00B 9003 |                 JUMP while_main          / Compruebe si sigue en ciclo o si termina
         |                                          
00C 0000 |  read_data      DEC 0                     
00D 5000 |                 INPUT                     
00E 2045 |                 STORE x                   
00F 5000 |                 INPUT                     
010 2046 |                 STORE y                   
011 5000 |                 INPUT                     
012 2047 |                 STORE z                   
013 1045 |                 LOAD x                   / Empieza a calcular el maximo, max(x, y, z)
014 2040 |                 STORE max_a               
015 1046 |                 LOAD y                    
016 2041 |                 STORE max_b               
017 0029 |                 JNS max                   
018 2040 |                 STORE max_a               
019 1047 |                 LOAD z                    
01A 2041 |                 STORE max_b               
01B 0029 |                 JNS max                   
01C 2044 |                 STORE result_max         / guarda result_max = max(x, y, z)
         |                                          
01D 1045 |                 LOAD x                   / Calcula el mínimo 
01E 2042 |                 STORE min_a               
01F 1046 |                 LOAD y                    
020 2043 |                 STORE min_b               
021 0034 |                 JNS min                   
022 2042 |                 STORE min_a               
023 1047 |                 LOAD z                    
024 2043 |                 STORE min_b               
025 0034 |                 JNS min                   
026 3044 |                 ADD result_max            
027 6000 |                 OUTPUT                    
         |                                          
028 C00C |                 JUMPI read_data           
         |                                          
029 0000 |  max            DEC 0                     
02A A000 |                 CLEAR                     
         |                                          
02B 1040 |  max_c          LOAD max_a                
02C 4041 |                 SUBT max_b                
02D 8800 |                 SKIPCOND 800              
02E 9030 |                 JUMP max_return_b        / a <= b
02F 9032 |                 JUMP max_return_a        / a > b
030 1041 |  max_return_b   LOAD max_b                
031 C029 |                 JUMPI max                / hace que max retorne b
032 1040 |  max_return_a   LOAD max_a                
033 C029 |                 JUMPI max                / hace que max retorne a
         |                                          
034 0000 |  min            DEC 0                     
         |                                          
035 1042 |  min_c          LOAD min_a                
036 4043 |                 SUBT min_b                
037 8800 |                 SKIPCOND 800              
038 903A |                 JUMP min_return_a        / a <= b 
039 903C |                 JUMP min_return_b        / a > b
03A 1042 |  min_return_a   LOAD min_a                
03B C034 |                 JUMPI min                / Se le asigna a min a
03C 1043 |  min_return_b   LOAD min_b                
03D C034 |                 JUMPI min                / Se le asigna a min b
         |                                          
03E 7000 |  end_while_main HALT                      
         |                                          
03F 0000 |  times          DEC 0                     
040 0001 |  max_a          DEC 1                     
041 0002 |  max_b          DEC 2                     
042 0001 |  min_a          DEC 1                     
043 0002 |  min_b          DEC 2                     
044 0003 |  result_max     DEC 3                     
045 0004 |  x              DEC 4                     
046 0005 |  y              DEC 5                     
047 0006 |  z              DEC 6                     
         |                                          
048 0001 |  one            DEC 1                     

Assembly successful.

         SYMBOL TABLE
         ----------------------------------------------------------
          Symbol         | Defined | References 
         ----------------+---------+-------------------------------
          continue_while |   007   | 005
          end_while_main |   03E   | 006
          max            |   029   | 017, 01B, 031, 033
          max_a          |   040   | 014, 018, 02B, 032
          max_b          |   041   | 016, 01A, 02C, 030
          max_c          |   02B   | 
          max_return_a   |   032   | 02F
          max_return_b   |   030   | 02E
          min            |   034   | 021, 025, 03B, 03D
          min_a          |   042   | 01E, 022, 035, 03A
          min_b          |   043   | 020, 024, 036, 03C
          min_c          |   035   | 
          min_return_a   |   03A   | 038
          min_return_b   |   03C   | 039
          one            |   048   | 009
          read_data      |   00C   | 007, 028
          result_max     |   044   | 01C, 026
          times          |   03F   | 001, 003, 008, 00A
          while_main     |   003   | 002, 00B
          x              |   045   | 00E, 013, 01D
          y              |   046   | 010, 015, 01F
          z              |   047   | 012, 019, 023
         ----------------------------------------------------------

