 --------------------------------
 Symbol                | Location
 ----------------------+---------
 MCD                   |   06F
 MCD_a                 |   0DE
 MCD_b                 |   0DF
 MCD_while             |   071
 MCM                   |   047
 MCM_a                 |   0EA
 MCM_b                 |   0EB
 abs                   |   05D
 abs_n                 |   0DD
 abs_res               |   0E6
 calculate_new_div     |   06A
 div                   |   082
 div_a                 |   0D6
 div_b                 |   0D5
 div_endw_neg          |   0A6
 div_endw_pos          |   0A4
 div_q                 |   0D4
 div_r                 |   0D7
 div_w                 |   088
 div_w_negative        |   08C
 div_w_positive        |   098
 division              |   0E9
 do_MCM                |   049
 do_add_neg            |   091
 do_add_pos            |   09D
 inp_a                 |   0E4
 inp_b                 |   0E5
 inp_times             |   0E3
 input_a               |   0E1
 input_b               |   0E2
 inv                   |   07D
 inv_a                 |   0DC
 mul                   |   0AE
 mul_a                 |   0D8
 mul_b                 |   0D9
 mul_check_pos         |   0B6
 mul_end               |   0D2
 mul_i                 |   0DA
 mul_m                 |   0DB
 mul_w_negative        |   0BA
 mul_w_positive        |   0C5
 next_iteration_MCM    |   03E
 one                   |   0EF
 output_result         |   034
 possible_res          |   0E7
 res_MCD               |   0E0
 result                |   0E8
 result_MCM            |   0EC
 result_inexact        |   014
 result_multiply       |   0ED
 result_subt           |   0EE
 return_0_div          |   0AB
 return_abs_n          |   062
 return_abs_negative_n |   065
 while_main            |   003
 while_main_MCM        |   008
 zero                  |   0F0
